
> space-sound-project@1.0.0 test
> vitest run


[1m[46m RUN [49m[22m [36mv4.1.2 [39m[90mC:/Dev/space-sound-project[39m

[90mstdout[2m | tests/text-to-speech.test.js[2m > [22m[2mtext-to-speech[2m > [22m[2mspeak()[2m > [22m[2mcalls speechSynthesis.speak() with the utterance
[22m[39m[text-to-speech] Selected voice: Google US English

[90mstdout[2m | tests/text-to-speech.test.js[2m > [22m[2mtext-to-speech[2m > [22m[2mspeak()[2m > [22m[2mresolves the promise when speech ends (onend fires)
[22m[39m[text-to-speech] Selected voice: Google US English

stderr | tests/mic-input.test.js > mic-input > start() > creates an AudioContext on start
[vitest] The vi.fn() mock did not use 'function' or 'class' in its implementation, see https://vitest.dev/api/vi#vi-spyon for examples.
[mic-input] Microphone error: () => mockAudioCtx is not a constructor TypeError: () => mockAudioCtx is not a constructor
    at new Mock (file:///C:/Dev/space-sound-project/node_modules/@vitest/spy/dist/index.js:309:27)
    at start (C:/Dev/space-sound-project/src/js/mic-input.js:41:20)
    at processTicksAndRejections (node:internal/process/task_queues:105:5)
    at C:/Dev/space-sound-project/tests/mic-input.test.js:101:7
    at file:///C:/Dev/space-sound-project/node_modules/@vitest/runner/dist/chunk-artifact.js:1893:20

[90mstdout[2m | tests/text-to-speech.test.js[2m > [22m[2mtext-to-speech[2m > [22m[2mspeak()[2m > [22m[2mrejects the promise if speech errors (onerror fires)
[22m[39m[text-to-speech] Selected voice: Google US English

stderr | tests/mic-input.test.js > mic-input > start() > creates a MediaStreamAudioSourceNode from the mic stream
[vitest] The vi.fn() mock did not use 'function' or 'class' in its implementation, see https://vitest.dev/api/vi#vi-spyon for examples.
[mic-input] Microphone error: () => mockAudioCtx is not a constructor TypeError: () => mockAudioCtx is not a constructor
    at new Mock (file:///C:/Dev/space-sound-project/node_modules/@vitest/spy/dist/index.js:309:27)
    at start (C:/Dev/space-sound-project/src/js/mic-input.js:41:20)
    at processTicksAndRejections (node:internal/process/task_queues:105:5)
    at C:/Dev/space-sound-project/tests/mic-input.test.js:110:7
    at file:///C:/Dev/space-sound-project/node_modules/@vitest/runner/dist/chunk-artifact.js:1893:20

stderr | tests/text-to-speech.test.js > text-to-speech > speak() > rejects the promise if speech errors (onerror fires)
[text-to-speech] Error: synthesis-failed

stderr | tests/mic-input.test.js > mic-input > start() > fires onStreamReady callback after successful start
[vitest] The vi.fn() mock did not use 'function' or 'class' in its implementation, see https://vitest.dev/api/vi#vi-spyon for examples.
[mic-input] Microphone error: () => mockAudioCtx is not a constructor TypeError: () => mockAudioCtx is not a constructor
    at new Mock (file:///C:/Dev/space-sound-project/node_modules/@vitest/spy/dist/index.js:309:27)
    at start (C:/Dev/space-sound-project/src/js/mic-input.js:41:20)
    at processTicksAndRejections (node:internal/process/task_queues:105:5)
    at C:/Dev/space-sound-project/tests/mic-input.test.js:121:7
    at file:///C:/Dev/space-sound-project/node_modules/@vitest/runner/dist/chunk-artifact.js:1893:20

[90mstdout[2m | tests/text-to-speech.test.js[2m > [22m[2mtext-to-speech[2m > [22m[2memotion-adjusted parameters[2m > [22m[2mapplies emotion parameters to the utterance before speaking
[22m[39m[text-to-speech] Selected voice: Google US English

stderr | tests/mic-input.test.js > mic-input > start() > resumes AudioContext if it is in suspended state
[vitest] The vi.fn() mock did not use 'function' or 'class' in its implementation, see https://vitest.dev/api/vi#vi-spyon for examples.
[mic-input] Microphone error: () => mockAudioCtx is not a constructor TypeError: () => mockAudioCtx is not a constructor
    at new Mock (file:///C:/Dev/space-sound-project/node_modules/@vitest/spy/dist/index.js:309:27)
    at start (C:/Dev/space-sound-project/src/js/mic-input.js:41:20)
    at processTicksAndRejections (node:internal/process/task_queues:105:5)
    at C:/Dev/space-sound-project/tests/mic-input.test.js:131:7
    at file:///C:/Dev/space-sound-project/node_modules/@vitest/runner/dist/chunk-artifact.js:1893:20

[90mstdout[2m | tests/text-to-speech.test.js[2m > [22m[2mtext-to-speech[2m > [22m[2memotion-adjusted parameters[2m > [22m[2mallows custom pitch/rate to override emotion presets
[22m[39m[text-to-speech] Selected voice: Google US English

stderr | tests/mic-input.test.js > mic-input > stop() > releases all media stream tracks
[vitest] The vi.fn() mock did not use 'function' or 'class' in its implementation, see https://vitest.dev/api/vi#vi-spyon for examples.
[mic-input] Microphone error: () => mockAudioCtx is not a constructor TypeError: () => mockAudioCtx is not a constructor
    at new Mock (file:///C:/Dev/space-sound-project/node_modules/@vitest/spy/dist/index.js:309:27)
    at start (C:/Dev/space-sound-project/src/js/mic-input.js:41:20)
    at processTicksAndRejections (node:internal/process/task_queues:105:5)
    at C:/Dev/space-sound-project/tests/mic-input.test.js:143:7
    at file:///C:/Dev/space-sound-project/node_modules/@vitest/runner/dist/chunk-artifact.js:1893:20

[90mstdout[2m | tests/text-to-speech.test.js[2m > [22m[2mtext-to-speech[2m > [22m[2mstop()[2m > [22m[2mcalls speechSynthesis.cancel() to stop current speech
[22m[39m[text-to-speech] Selected voice: Google US English

[90mstdout[2m | tests/text-to-speech.test.js[2m > [22m[2mtext-to-speech[2m > [22m[2mstop()[2m > [22m[2msets isSpeaking to false after stop
[22m[39m[text-to-speech] Selected voice: Google US English

stderr | tests/mic-input.test.js > mic-input > stop() > closes or disconnects the AudioContext source node
[vitest] The vi.fn() mock did not use 'function' or 'class' in its implementation, see https://vitest.dev/api/vi#vi-spyon for examples.
[mic-input] Microphone error: () => mockAudioCtx is not a constructor TypeError: () => mockAudioCtx is not a constructor
    at new Mock (file:///C:/Dev/space-sound-project/node_modules/@vitest/spy/dist/index.js:309:27)
    at start (C:/Dev/space-sound-project/src/js/mic-input.js:41:20)
    at processTicksAndRejections (node:internal/process/task_queues:105:5)
    at C:/Dev/space-sound-project/tests/mic-input.test.js:156:7
    at file:///C:/Dev/space-sound-project/node_modules/@vitest/runner/dist/chunk-artifact.js:1893:20

[90mstdout[2m | tests/text-to-speech.test.js[2m > [22m[2mtext-to-speech[2m > [22m[2mstop()[2m > [22m[2msets isSpeaking to false after stop
[22m[39m[text-to-speech] Speaking: Test

[90mstdout[2m | tests/text-to-speech.test.js[2m > [22m[2mtext-to-speech[2m > [22m[2misSpeaking()[2m > [22m[2mreturns false initially
[22m[39m[text-to-speech] Selected voice: Google US English

[90mstdout[2m | tests/text-to-speech.test.js[2m > [22m[2mtext-to-speech[2m > [22m[2misSpeaking()[2m > [22m[2mreturns true while speech is active
[22m[39m[text-to-speech] Selected voice: Google US English

[90mstdout[2m | tests/text-to-speech.test.js[2m > [22m[2mtext-to-speech[2m > [22m[2misSpeaking()[2m > [22m[2mreturns true while speech is active
[22m[39m[text-to-speech] Speaking: Test

[90mstdout[2m | tests/text-to-speech.test.js[2m > [22m[2mtext-to-speech[2m > [22m[2misSpeaking()[2m > [22m[2mreturns false after speech completes
[22m[39m[text-to-speech] Selected voice: Google US English

stderr | tests/mic-input.test.js > mic-input > getMediaStream() > returns the MediaStream after start() resolves
[vitest] The vi.fn() mock did not use 'function' or 'class' in its implementation, see https://vitest.dev/api/vi#vi-spyon for examples.
[mic-input] Microphone error: () => mockAudioCtx is not a constructor TypeError: () => mockAudioCtx is not a constructor
    at new Mock (file:///C:/Dev/space-sound-project/node_modules/@vitest/spy/dist/index.js:309:27)
    at start (C:/Dev/space-sound-project/src/js/mic-input.js:41:20)
    at processTicksAndRejections (node:internal/process/task_queues:105:5)
    at C:/Dev/space-sound-project/tests/mic-input.test.js:178:7
    at file:///C:/Dev/space-sound-project/node_modules/@vitest/runner/dist/chunk-artifact.js:1893:20

[90mstdout[2m | tests/dekel-brain.test.js[2m > [22m[2mdekel-brain[2m > [22m[2mgenerateResponse()[2m > [22m[2mreturns object with reply and emotion
[22m[39m[Dekel Brain] Generating response for: { text: [32m'I feel overwhelmed'[39m, emotion: [32m'stressed'[39m, confidence: [33m0.8[39m }

[90mstdout[2m | tests/text-to-speech.test.js[2m > [22m[2mtext-to-speech[2m > [22m[2misSpeaking()[2m > [22m[2mreturns false after speech completes
[22m[39m[text-to-speech] Speaking: Test

[90mstdout[2m | tests/text-to-speech.test.js[2m > [22m[2mtext-to-speech[2m > [22m[2mqueue management[2m > [22m[2mcancels current speech before starting new speech
[22m[39m[text-to-speech] Selected voice: Google US English

[90mstdout[2m | tests/dekel-brain.test.js[2m > [22m[2mdekel-brain[2m > [22m[2mgenerateResponse()[2m > [22m[2mreply is a non-empty string
[22m[39m[Dekel Brain] Generating response for: { text: [32m'Hello'[39m, emotion: [32m'neutral'[39m, confidence: [33m0.7[39m }

[90mstdout[2m | tests/dekel-brain.test.js[2m > [22m[2mdekel-brain[2m > [22m[2mgenerateResponse()[2m > [22m[2mreply is reasonable length (< 300 chars)
[22m[39m[Dekel Brain] Generating response for: { text: [32m'Test'[39m, emotion: [32m'calm'[39m, confidence: [33m0.8[39m }

[90mstdout[2m | tests/text-to-speech.test.js[2m > [22m[2mtext-to-speech[2m > [22m[2mcallbacks[2m > [22m[2monStart callback fires when speech begins
[22m[39m[text-to-speech] Selected voice: Google US English

[90mstdout[2m | tests/text-to-speech.test.js[2m > [22m[2mtext-to-speech[2m > [22m[2mcallbacks[2m > [22m[2monStart callback fires when speech begins
[22m[39m[text-to-speech] Speaking: Test message

[90mstdout[2m | tests/dekel-brain.test.js[2m > [22m[2mdekel-brain[2m > [22m[2mhigh-confidence responses[2m > [22m[2mhigh-confidence stressed ΓåÆ supportive acknowledgment
[22m[39m[Dekel Brain] Generating response for: {
  text: [32m'Everything is too much right now'[39m,
  emotion: [32m'stressed'[39m,
  confidence: [33m0.75[39m
}

stderr | tests/mic-input.test.js > mic-input > getSourceNode() > returns a MediaStreamAudioSourceNode after start()
[vitest] The vi.fn() mock did not use 'function' or 'class' in its implementation, see https://vitest.dev/api/vi#vi-spyon for examples.
[mic-input] Microphone error: () => mockAudioCtx is not a constructor TypeError: () => mockAudioCtx is not a constructor
    at new Mock (file:///C:/Dev/space-sound-project/node_modules/@vitest/spy/dist/index.js:309:27)
    at start (C:/Dev/space-sound-project/src/js/mic-input.js:41:20)
    at processTicksAndRejections (node:internal/process/task_queues:105:5)
    at C:/Dev/space-sound-project/tests/mic-input.test.js:199:7
    at file:///C:/Dev/space-sound-project/node_modules/@vitest/runner/dist/chunk-artifact.js:1893:20

[90mstdout[2m | tests/text-to-speech.test.js[2m > [22m[2mtext-to-speech[2m > [22m[2mcallbacks[2m > [22m[2monEnd callback fires when speech completes
[22m[39m[text-to-speech] Selected voice: Google US English

[90mstdout[2m | tests/dekel-brain.test.js[2m > [22m[2mdekel-brain[2m > [22m[2mhigh-confidence responses[2m > [22m[2mhigh-confidence happy ΓåÆ warm response
[22m[39m[Dekel Brain] Generating response for: {
  text: [32m'I accomplished my goals today!'[39m,
  emotion: [32m'happy'[39m,
  confidence: [33m0.8[39m
}

[90mstdout[2m | tests/text-to-speech.test.js[2m > [22m[2mtext-to-speech[2m > [22m[2mcallbacks[2m > [22m[2monStart receives the spoken text as argument
[22m[39m[text-to-speech] Selected voice: Google US English

[90mstdout[2m | tests/dekel-brain.test.js[2m > [22m[2mdekel-brain[2m > [22m[2mhigh-confidence responses[2m > [22m[2mhigh-confidence calm ΓåÆ relaxed response
[22m[39m[Dekel Brain] Generating response for: {
  text: [32m'I feel peaceful right now'[39m,
  emotion: [32m'calm'[39m,
  confidence: [33m0.85[39m
}

[90mstdout[2m | tests/text-to-speech.test.js[2m > [22m[2mtext-to-speech[2m > [22m[2mcallbacks[2m > [22m[2monStart receives the spoken text as argument
[22m[39m[text-to-speech] Speaking: Hello astronaut

[90mstdout[2m | tests/dekel-brain.test.js[2m > [22m[2mdekel-brain[2m > [22m[2mhigh-confidence responses[2m > [22m[2mhigh-confidence sad ΓåÆ empathetic response
[22m[39m[Dekel Brain] Generating response for: { text: [32m'I miss my family'[39m, emotion: [32m'sad'[39m, confidence: [33m0.78[39m }

[90mstdout[2m | tests/text-to-speech.test.js[2m > [22m[2mtext-to-speech[2m > [22m[2medge cases[2m > [22m[2mhandles empty string gracefully
[22m[39m[text-to-speech] Selected voice: Google US English

[90mstdout[2m | tests/dekel-brain.test.js[2m > [22m[2mdekel-brain[2m > [22m[2mlow-confidence responses[2m > [22m[2mlow-confidence any emotion ΓåÆ gentle check-in question
[22m[39m[Dekel Brain] Generating response for: {
  text: [32m'Things are okay I guess'[39m,
  emotion: [32m'neutral'[39m,
  confidence: [33m0.3[39m
}

[90mstdout[2m | tests/dekel-brain.test.js[2m > [22m[2mdekel-brain[2m > [22m[2mlow-confidence responses[2m > [22m[2mlow-confidence returns neutral emotion
[22m[39m[Dekel Brain] Generating response for: { text: [32m'Test'[39m, emotion: [32m'stressed'[39m, confidence: [33m0.35[39m }

stderr | tests/mic-input.test.js > mic-input > getAudioContext() > returns the AudioContext after start()
[vitest] The vi.fn() mock did not use 'function' or 'class' in its implementation, see https://vitest.dev/api/vi#vi-spyon for examples.
[mic-input] Microphone error: () => mockAudioCtx is not a constructor TypeError: () => mockAudioCtx is not a constructor
    at new Mock (file:///C:/Dev/space-sound-project/node_modules/@vitest/spy/dist/index.js:309:27)
    at start (C:/Dev/space-sound-project/src/js/mic-input.js:41:20)
    at processTicksAndRejections (node:internal/process/task_queues:105:5)
    at C:/Dev/space-sound-project/tests/mic-input.test.js:221:7
    at file:///C:/Dev/space-sound-project/node_modules/@vitest/runner/dist/chunk-artifact.js:1893:20

[90mstdout[2m | tests/dekel-brain.test.js[2m > [22m[2mdekel-brain[2m > [22m[2mlow-confidence responses[2m > [22m[2mlow-confidence response asks for clarification
[22m[39m[Dekel Brain] Generating response for: { text: [32m'Hmm'[39m, emotion: [32m'happy'[39m, confidence: [33m0.25[39m }

stderr | tests/mic-input.test.js > mic-input > error handling > calls onError callback when mic permission is denied
[mic-input] Microphone permission was denied. Dekel needs your mic to hear you. Please allow microphone access in your browser settings and try again. DOMException [NotAllowedError]: Permission denied
    at new DOMException (node:internal/per_context/domexception:53:5)
    at C:/Dev/space-sound-project/tests/mic-input.test.js:241:22
    at file:///C:/Dev/space-sound-project/node_modules/@vitest/runner/dist/chunk-artifact.js:302:11
    at file:///C:/Dev/space-sound-project/node_modules/@vitest/runner/dist/chunk-artifact.js:1893:26
    at file:///C:/Dev/space-sound-project/node_modules/@vitest/runner/dist/chunk-artifact.js:2316:20
    at new Promise (<anonymous>)
    at runWithCancel (file:///C:/Dev/space-sound-project/node_modules/@vitest/runner/dist/chunk-artifact.js:2313:10)
    at file:///C:/Dev/space-sound-project/node_modules/@vitest/runner/dist/chunk-artifact.js:2295:20
    at new Promise (<anonymous>)
    at runWithTimeout (file:///C:/Dev/space-sound-project/node_modules/@vitest/runner/dist/chunk-artifact.js:2262:10)

 [31mΓ¥»[39m tests/speech-to-text.test.js [2m([22m[2m21 tests[22m[2m | [22m[31m18 failed[39m[2m)[22m[32m 58[2mms[22m[39m
       [32mΓ£ô[39m returns true when SpeechRecognition API exists[32m 5[2mms[22m[39m
       [32mΓ£ô[39m returns true when webkitSpeechRecognition exists (Chrome)[32m 1[2mms[22m[39m
       [32mΓ£ô[39m returns false when API is completely missing[32m 1[2mms[22m[39m
[31m       [31m├ù[31m begins speech recognition[39m[32m 25[2mms[22m[39m
[31m       [31m├ù[31m sets continuous = true for ongoing listening[39m[32m 1[2mms[22m[39m
[31m       [31m├ù[31m sets interimResults = true to get partial transcripts[39m[32m 1[2mms[22m[39m
[31m       [31m├ù[31m sets language to en-US[39m[32m 2[2mms[22m[39m
[31m       [31m├ù[31m fires callback with interim transcript text during speech[39m[32m 1[2mms[22m[39m
[31m       [31m├ù[31m provides updated text on each interim result event[39m[32m 1[2mms[22m[39m
[31m       [31m├ù[31m fires callback with final transcript when speech pauses[39m[32m 2[2mms[22m[39m
[31m       [31m├ù[31m final result text is trimmed and non-empty[39m[32m 2[2mms[22m[39m
[31m       [31m├ù[31m restarts recognition after onend fires (continuous listening)[39m[32m 3[2mms[22m[39m
[31m       [31m├ù[31m does not restart after explicit stop() call[39m[32m 2[2mms[22m[39m
[31m       [31m├ù[31m calls onError callback for network errors[39m[32m 1[2mms[22m[39m
[31m       [31m├ù[31m calls onError for not-allowed errors[39m[32m 1[2mms[22m[39m
[31m       [31m├ù[31m does not call onError for no-speech timeout[39m[32m 1[2mms[22m[39m
[31m       [31m├ù[31m provides fallback text input method when API is unavailable[39m[32m 2[2mms[22m[39m
[31m       [31m├ù[31m fallback still fires onFinalResult with provided text[39m[32m 1[2mms[22m[39m
[31m       [31m├ù[31m handles stop() called before start()[39m[32m 1[2mms[22m[39m
[31m       [31m├ù[31m handles rapid start/stop/start cycles[39m[32m 1[2mms[22m[39m
[31m       [31m├ù[31m handles empty transcript results gracefully[39m[32m 1[2mms[22m[39m
[90mstdout[2m | tests/dekel-brain.test.js[2m > [22m[2mdekel-brain[2m > [22m[2mneutral emotion handling[2m > [22m[2mneutral emotion produces appropriate response
[22m[39m[Dekel Brain] Generating response for: { text: [32m'Just checking in'[39m, emotion: [32m'neutral'[39m, confidence: [33m0.7[39m }

stderr | tests/mic-input.test.js > mic-input > error handling > calls onError with a descriptive message for NotFoundError (no mic)
[mic-input] No microphone found. Please connect a microphone and try again. DOMException [NotFoundError]: No device found
    at new DOMException (node:internal/per_context/domexception:53:5)
    at C:/Dev/space-sound-project/tests/mic-input.test.js:258:22
    at file:///C:/Dev/space-sound-project/node_modules/@vitest/runner/dist/chunk-artifact.js:302:11
    at file:///C:/Dev/space-sound-project/node_modules/@vitest/runner/dist/chunk-artifact.js:1893:26
    at file:///C:/Dev/space-sound-project/node_modules/@vitest/runner/dist/chunk-artifact.js:2316:20
    at new Promise (<anonymous>)
    at runWithCancel (file:///C:/Dev/space-sound-project/node_modules/@vitest/runner/dist/chunk-artifact.js:2313:10)
    at file:///C:/Dev/space-sound-project/node_modules/@vitest/runner/dist/chunk-artifact.js:2295:20
    at new Promise (<anonymous>)
    at runWithTimeout (file:///C:/Dev/space-sound-project/node_modules/@vitest/runner/dist/chunk-artifact.js:2262:10)

[90mstdout[2m | tests/dekel-brain.test.js[2m > [22m[2mdekel-brain[2m > [22m[2mneutral emotion handling[2m > [22m[2mneutral response is open-ended
[22m[39m[Dekel Brain] Generating response for: { text: [32m'Hello'[39m, emotion: [32m'neutral'[39m, confidence: [33m0.65[39m }

stderr | tests/mic-input.test.js > mic-input > error handling > calls onError for NotReadableError (mic in use by another app)
[mic-input] Could not access the microphone. It might be in use by another app. Try closing other apps that use the mic. DOMException [NotReadableError]: Cannot access
    at new DOMException (node:internal/per_context/domexception:53:5)
    at C:/Dev/space-sound-project/tests/mic-input.test.js:275:22
    at file:///C:/Dev/space-sound-project/node_modules/@vitest/runner/dist/chunk-artifact.js:302:11
    at file:///C:/Dev/space-sound-project/node_modules/@vitest/runner/dist/chunk-artifact.js:1893:26
    at file:///C:/Dev/space-sound-project/node_modules/@vitest/runner/dist/chunk-artifact.js:2316:20
    at new Promise (<anonymous>)
    at runWithCancel (file:///C:/Dev/space-sound-project/node_modules/@vitest/runner/dist/chunk-artifact.js:2313:10)
    at file:///C:/Dev/space-sound-project/node_modules/@vitest/runner/dist/chunk-artifact.js:2295:20
    at new Promise (<anonymous>)
    at runWithTimeout (file:///C:/Dev/space-sound-project/node_modules/@vitest/runner/dist/chunk-artifact.js:2262:10)

[90mstdout[2m | tests/dekel-brain.test.js[2m > [22m[2mdekel-brain[2m > [22m[2mresponse variability[2m > [22m[2mall emotions produce unique responses (not the same text)
[22m[39m[Dekel Brain] Generating response for: { text: [32m'Test'[39m, emotion: [32m'calm'[39m, confidence: [33m0.75[39m }
[Dekel Brain] Generating response for: { text: [32m'Test'[39m, emotion: [32m'stressed'[39m, confidence: [33m0.75[39m }
[Dekel Brain] Generating response for: { text: [32m'Test'[39m, emotion: [32m'happy'[39m, confidence: [33m0.75[39m }
[Dekel Brain] Generating response for: { text: [32m'Test'[39m, emotion: [32m'sad'[39m, confidence: [33m0.75[39m }
[Dekel Brain] Generating response for: { text: [32m'Test'[39m, emotion: [32m'neutral'[39m, confidence: [33m0.75[39m }

stderr | tests/mic-input.test.js > mic-input > edge cases > handles getUserMedia being undefined (very old browser)
[mic-input] Microphone error: navigator.mediaDevices.getUserMedia is not a function TypeError: navigator.mediaDevices.getUserMedia is not a function
    at start (C:/Dev/space-sound-project/src/js/mic-input.js:37:48)
    at C:/Dev/space-sound-project/tests/mic-input.test.js:302:13
    at processTicksAndRejections (node:internal/process/task_queues:105:5)
    at file:///C:/Dev/space-sound-project/node_modules/@vitest/runner/dist/chunk-artifact.js:1893:20

[90mstdout[2m | tests/dekel-brain.test.js[2m > [22m[2mdekel-brain[2m > [22m[2mresponse variability[2m > [22m[2mrepeated calls may produce different responses (randomness)
[22m[39m[Dekel Brain] Generating response for: { text: [32m'I feel stressed'[39m, emotion: [32m'stressed'[39m, confidence: [33m0.75[39m }
[Dekel Brain] Generating response for: { text: [32m'I feel stressed'[39m, emotion: [32m'stressed'[39m, confidence: [33m0.75[39m }
[Dekel Brain] Generating response for: { text: [32m'I feel stressed'[39m, emotion: [32m'stressed'[39m, confidence: [33m0.75[39m }
[Dekel Brain] Generating response for: { text: [32m'I feel stressed'[39m, emotion: [32m'stressed'[39m, confidence: [33m0.75[39m }
[Dekel Brain] Generating response for: { text: [32m'I feel stressed'[39m, emotion: [32m'stressed'[39m, confidence: [33m0.75[39m }
[Dekel Brain] Generating response for: { text: [32m'I feel stressed'[39m, emotion: [32m'stressed'[39m, confidence: [33m0.75[39m }
[Dekel Brain] Generating response for: { text: [32m'I feel stressed'[39m, emotion: [32m'stressed'[39m, confidence: [33m0.75[39m }
[Dekel Brain] Generating response for: { text: [32m'I feel stressed'[39m, emotion: [32m'stressed'[39m, confidence: [33m0.75[39m }
[Dekel Brain] Generating response for: { text: [32m'I feel stressed'[39m, emotion: [32m'stressed'[39m, confidence: [33m0.75[39m }
[Dekel Brain] Generating response for: { text: [32m'I feel stressed'[39m, emotion: [32m'stressed'[39m, confidence: [33m0.75[39m }

stderr | tests/mic-input.test.js > mic-input > edge cases > handles AudioContext constructor throwing
[vitest] The vi.fn() mock did not use 'function' or 'class' in its implementation, see https://vitest.dev/api/vi#vi-spyon for examples.
[mic-input] Microphone error: () => {
        throw new Error('AudioContext blocked by policy');
      } is not a constructor TypeError: () => {
        throw new Error('AudioContext blocked by policy');
      } is not a constructor
    at new Mock (file:///C:/Dev/space-sound-project/node_modules/@vitest/spy/dist/index.js:309:27)
    at start (C:/Dev/space-sound-project/src/js/mic-input.js:41:20)
    at processTicksAndRejections (node:internal/process/task_queues:105:5)
    at C:/Dev/space-sound-project/tests/mic-input.test.js:320:7
    at file:///C:/Dev/space-sound-project/node_modules/@vitest/runner/dist/chunk-artifact.js:1893:20

[90mstdout[2m | tests/dekel-brain.test.js[2m > [22m[2mdekel-brain[2m > [22m[2medge cases[2m > [22m[2mhandles missing text gracefully
[22m[39m[Dekel Brain] Generating response for: { text: [90mundefined[39m, emotion: [32m'calm'[39m, confidence: [33m0.7[39m }

stderr | tests/mic-input.test.js > mic-input > edge cases > calling start() twice does not create duplicate streams
[vitest] The vi.fn() mock did not use 'function' or 'class' in its implementation, see https://vitest.dev/api/vi#vi-spyon for examples.
[mic-input] Microphone error: () => mockAudioCtx is not a constructor TypeError: () => mockAudioCtx is not a constructor
    at new Mock (file:///C:/Dev/space-sound-project/node_modules/@vitest/spy/dist/index.js:309:27)
    at start (C:/Dev/space-sound-project/src/js/mic-input.js:41:20)
    at processTicksAndRejections (node:internal/process/task_queues:105:5)
    at C:/Dev/space-sound-project/tests/mic-input.test.js:329:7
    at file:///C:/Dev/space-sound-project/node_modules/@vitest/runner/dist/chunk-artifact.js:1893:20

[90mstdout[2m | tests/dekel-brain.test.js[2m > [22m[2mdekel-brain[2m > [22m[2medge cases[2m > [22m[2mhandles invalid emotion gracefully
[22m[39m[Dekel Brain] Generating response for: { text: [32m'Test'[39m, emotion: [32m'unknown'[39m, confidence: [33m0.7[39m }

stderr | tests/mic-input.test.js > mic-input > edge cases > calling start() twice does not create duplicate streams
[vitest] The vi.fn() mock did not use 'function' or 'class' in its implementation, see https://vitest.dev/api/vi#vi-spyon for examples.
[mic-input] Microphone error: () => mockAudioCtx is not a constructor TypeError: () => mockAudioCtx is not a constructor
    at new Mock (file:///C:/Dev/space-sound-project/node_modules/@vitest/spy/dist/index.js:309:27)
    at start (C:/Dev/space-sound-project/src/js/mic-input.js:41:20)
    at processTicksAndRejections (node:internal/process/task_queues:105:5)
    at C:/Dev/space-sound-project/tests/mic-input.test.js:332:7
    at file:///C:/Dev/space-sound-project/node_modules/@vitest/runner/dist/chunk-artifact.js:1893:20

[90mstdout[2m | tests/dekel-brain.test.js[2m > [22m[2mdekel-brain[2m > [22m[2medge cases[2m > [22m[2mhandles edge confidence values (0, 1)
[22m[39m[Dekel Brain] Generating response for: { text: [32m'Test'[39m, emotion: [32m'calm'[39m, confidence: [33m0[39m }
[Dekel Brain] Generating response for: { text: [32m'Test'[39m, emotion: [32m'happy'[39m, confidence: [33m1[39m }

[90mstdout[2m | tests/dekel-brain.test.js[2m > [22m[2mdekel-brain[2m > [22m[2medge cases[2m > [22m[2mDekel always responds with calm emotion (regulation strategy)
[22m[39m[Dekel Brain] Generating response for: { text: [32m'Test'[39m, emotion: [32m'stressed'[39m, confidence: [33m0.75[39m }
[Dekel Brain] Generating response for: { text: [32m'Test'[39m, emotion: [32m'happy'[39m, confidence: [33m0.75[39m }
[Dekel Brain] Generating response for: { text: [32m'Test'[39m, emotion: [32m'sad'[39m, confidence: [33m0.75[39m }
[Dekel Brain] Generating response for: { text: [32m'Test'[39m, emotion: [32m'calm'[39m, confidence: [33m0.75[39m }
[Dekel Brain] Generating response for: { text: [32m'Test'[39m, emotion: [32m'neutral'[39m, confidence: [33m0.75[39m }

 [31mΓ¥»[39m tests/mic-input.test.js [2m([22m[2m20 tests[22m[2m | [22m[31m9 failed[39m[2m)[22m[32m 121[2mms[22m[39m
[31m       [31m├ù[31m requests microphone permission via getUserMedia[39m[32m 12[2mms[22m[39m
       [32mΓ£ô[39m creates an AudioContext on start[32m 51[2mms[22m[39m
[31m       [31m├ù[31m creates a MediaStreamAudioSourceNode from the mic stream[39m[32m 5[2mms[22m[39m
[31m       [31m├ù[31m fires onStreamReady callback after successful start[39m[32m 3[2mms[22m[39m
[31m       [31m├ù[31m resumes AudioContext if it is in suspended state[39m[32m 3[2mms[22m[39m
[31m       [31m├ù[31m releases all media stream tracks[39m[32m 3[2mms[22m[39m
[31m       [31m├ù[31m closes or disconnects the AudioContext source node[39m[32m 2[2mms[22m[39m
       [32mΓ£ô[39m does not throw when called before start()[32m 3[2mms[22m[39m
       [32mΓ£ô[39m returns the MediaStream after start() resolves[32m 3[2mms[22m[39m
       [32mΓ£ô[39m returns null or undefined before start() is called[32m 1[2mms[22m[39m
[31m       [31m├ù[31m returns a MediaStreamAudioSourceNode after start()[39m[32m 10[2mms[22m[39m
       [32mΓ£ô[39m returns null or undefined before start() is called[32m 1[2mms[22m[39m
[31m       [31m├ù[31m returns the AudioContext after start()[39m[32m 3[2mms[22m[39m
       [32mΓ£ô[39m returns null or undefined before start() is called[32m 1[2mms[22m[39m
       [32mΓ£ô[39m calls onError callback when mic permission is denied[32m 3[2mms[22m[39m
       [32mΓ£ô[39m calls onError with a descriptive message for NotFoundError (no mic)[32m 2[2mms[22m[39m
       [32mΓ£ô[39m calls onError for NotReadableError (mic in use by another app)[32m 2[2mms[22m[39m
       [32mΓ£ô[39m handles getUserMedia being undefined (very old browser)[32m 2[2mms[22m[39m
       [32mΓ£ô[39m handles AudioContext constructor throwing[32m 2[2mms[22m[39m
[31m       [31m├ù[31m calling start() twice does not create duplicate streams[39m[32m 4[2mms[22m[39m
 [31mΓ¥»[39m tests/dekel-brain.test.js [2m([22m[2m18 tests[22m[2m | [22m[31m1 failed[39m[2m)[22m[32m 73[2mms[22m[39m
       [32mΓ£ô[39m returns object with reply and emotion[32m 32[2mms[22m[39m
       [32mΓ£ô[39m reply is a non-empty string[32m 2[2mms[22m[39m
       [32mΓ£ô[39m reply is reasonable length (< 300 chars)[32m 2[2mms[22m[39m
       [32mΓ£ô[39m high-confidence stressed ΓåÆ supportive acknowledgment[32m 2[2mms[22m[39m
       [32mΓ£ô[39m high-confidence happy ΓåÆ warm response[32m 1[2mms[22m[39m
       [32mΓ£ô[39m high-confidence calm ΓåÆ relaxed response[32m 1[2mms[22m[39m
       [32mΓ£ô[39m high-confidence sad ΓåÆ empathetic response[32m 2[2mms[22m[39m
       [32mΓ£ô[39m low-confidence any emotion ΓåÆ gentle check-in question[32m 2[2mms[22m[39m
       [32mΓ£ô[39m low-confidence returns neutral emotion[32m 2[2mms[22m[39m
[31m       [31m├ù[31m low-confidence response asks for clarification[39m[32m 15[2mms[22m[39m
       [32mΓ£ô[39m neutral emotion produces appropriate response[32m 1[2mms[22m[39m
       [32mΓ£ô[39m neutral response is open-ended[32m 1[2mms[22m[39m
       [32mΓ£ô[39m all emotions produce unique responses (not the same text)[32m 1[2mms[22m[39m
       [32mΓ£ô[39m repeated calls may produce different responses (randomness)[32m 1[2mms[22m[39m
       [32mΓ£ô[39m handles missing text gracefully[32m 1[2mms[22m[39m
       [32mΓ£ô[39m handles invalid emotion gracefully[32m 1[2mms[22m[39m
       [32mΓ£ô[39m handles edge confidence values (0, 1)[32m 1[2mms[22m[39m
       [32mΓ£ô[39m Dekel always responds with calm emotion (regulation strategy)[32m 1[2mms[22m[39m
[90mstdout[2m | tests/emotion-detector.test.js[2m > [22m[2memotion-detector[2m > [22m[2mloadModel()[2m > [22m[2mloads a TensorFlow.js model from the given URL
[22m[39m[emotion-detector] Model loaded successfully from test/model.json

[90mstdout[2m | tests/emotion-detector.test.js[2m > [22m[2memotion-detector[2m > [22m[2mloadModel()[2m > [22m[2msets isModelLoaded() to true after successful load
[22m[39m[emotion-detector] Model loaded successfully from test/model.json

stderr | tests/emotion-detector.test.js > emotion-detector > loadModel() > handles missing model file gracefully
[emotion-detector] Failed to load model ΓÇö using rule-based fallback: Model not found

[90mstdout[2m | tests/emotion-detector.test.js[2m > [22m[2memotion-detector[2m > [22m[2mpredict()[2m > [22m[2mhigh confidence (>= 0.55)[2m > [22m[2mreturns emotion object without uncertain flag
[22m[39m[emotion-detector] Model loaded successfully from test/model.json

[90mstdout[2m | tests/emotion-detector.test.js[2m > [22m[2memotion-detector[2m > [22m[2mpredict()[2m > [22m[2mmedium confidence (0.40-0.55)[2m > [22m[2muncertain flag is set to true in the result object
[22m[39m[emotion-detector] Model loaded successfully from test/model.json

[90mstdout[2m | tests/emotion-detector.test.js[2m > [22m[2memotion-detector[2m > [22m[2mpredict()[2m > [22m[2mlow confidence (< 0.40)[2m > [22m[2mresult includes allScores for transparency
[22m[39m[emotion-detector] Model loaded successfully from test/model.json

[90mstdout[2m | tests/emotion-detector.test.js[2m > [22m[2memotion-detector[2m > [22m[2mpredict()[2m > [22m[2mallScores[2m > [22m[2mpredict() result includes scores for all 5 emotions
[22m[39m[emotion-detector] Model loaded successfully from test/model.json

[90mstdout[2m | tests/emotion-detector.test.js[2m > [22m[2memotion-detector[2m > [22m[2misModelLoaded()[2m > [22m[2mreturns true after loadModel() succeeds
[22m[39m[emotion-detector] Model loaded successfully from test/model.json

stderr | tests/emotion-detector.test.js > emotion-detector > isModelLoaded() > returns false if loadModel() failed
[emotion-detector] Failed to load model ΓÇö using rule-based fallback: Failed

[90mstdout[2m | tests/emotion-detector.test.js[2m > [22m[2memotion-detector[2m > [22m[2medge cases[2m > [22m[2mpredict() with all-zero features does not crash
[22m[39m[emotion-detector] Model loaded successfully from test/model.json

[90mstdout[2m | tests/emotion-detector.test.js[2m > [22m[2memotion-detector[2m > [22m[2medge cases[2m > [22m[2mconcurrent predict() calls do not interfere
[22m[39m[emotion-detector] Model loaded successfully from test/model.json

 [32mΓ£ô[39m tests/emotion-detector.test.js [2m([22m[2m24 tests[22m[2m)[22m[32m 201[2mms[22m[39m
 [32mΓ£ô[39m tests/audio-features.test.js [2m([22m[2m22 tests[22m[2m)[22m[33m 507[2mms[22m[39m
stderr | tests/text-to-speech.test.js > text-to-speech > edge cases > handles speechSynthesis being undefined
[text-to-speech] SpeechSynthesis not available.

 [31mΓ¥»[39m tests/text-to-speech.test.js [2m([22m[2m23 tests[22m[2m | [22m[31m2 failed[39m[2m)[22m[33m 10128[2mms[22m[39m
       [32mΓ£ô[39m creates a SpeechSynthesisUtterance with the given text[32m 5[2mms[22m[39m
       [32mΓ£ô[39m calls speechSynthesis.speak() with the utterance[32m 52[2mms[22m[39m
       [32mΓ£ô[39m resolves the promise when speech ends (onend fires)[32m 4[2mms[22m[39m
       [32mΓ£ô[39m rejects the promise if speech errors (onerror fires)[32m 3[2mms[22m[39m
       [32mΓ£ô[39m calm emotion sets pitch=1.0 and rate=0.9[32m 1[2mms[22m[39m
       [32mΓ£ô[39m stressed emotion sets pitch=0.9 and rate=0.85[32m 1[2mms[22m[39m
       [32mΓ£ô[39m happy emotion sets pitch=1.1 and rate=1.0[32m 1[2mms[22m[39m
       [32mΓ£ô[39m sad emotion sets pitch=0.9 and rate=0.85[32m 1[2mms[22m[39m
       [32mΓ£ô[39m neutral emotion sets pitch=1.0 and rate=0.95[32m 1[2mms[22m[39m
       [32mΓ£ô[39m applies emotion parameters to the utterance before speaking[32m 2[2mms[22m[39m
       [32mΓ£ô[39m allows custom pitch/rate to override emotion presets[32m 2[2mms[22m[39m
       [32mΓ£ô[39m calls speechSynthesis.cancel() to stop current speech[32m 1[2mms[22m[39m
       [32mΓ£ô[39m sets isSpeaking to false after stop[32m 3[2mms[22m[39m
       [32mΓ£ô[39m returns false initially[32m 2[2mms[22m[39m
       [32mΓ£ô[39m returns true while speech is active[32m 2[2mms[22m[39m
       [32mΓ£ô[39m returns false after speech completes[32m 2[2mms[22m[39m
       [32mΓ£ô[39m cancels current speech before starting new speech[32m 3[2mms[22m[39m
       [32mΓ£ô[39m onStart callback fires when speech begins[32m 3[2mms[22m[39m
       [32mΓ£ô[39m onEnd callback fires when speech completes[32m 2[2mms[22m[39m
       [32mΓ£ô[39m onStart receives the spoken text as argument[32m 3[2mms[22m[39m
[31m       [31m├ù[31m handles empty string gracefully[39m[33m 5019[2mms[22m[39m
       [32mΓ£ô[39m handles speechSynthesis being undefined[32m 1[2mms[22m[39m
[31m       [31m├ù[31m handles no available voices[39m[33m 5012[2mms[22m[39m

ΓÄ»ΓÄ»ΓÄ»ΓÄ»ΓÄ»ΓÄ» Failed Tests 30 ΓÄ»ΓÄ»ΓÄ»ΓÄ»ΓÄ»ΓÄ»ΓÄ»

 FAIL  tests/dekel-brain.test.js > dekel-brain > low-confidence responses > low-confidence response asks for clarification
AssertionError: expected false to be true // Object.is equality

- Expected
+ Received

- true
+ false

 Γ¥» tests/dekel-brain.test.js:183:32
    181|       const clarifyingWords = ['understand', 'tell me more', 'how are ΓÇª
    182|       const hasClarification = clarifyingWords.some(phrase => result.rΓÇª
    183|       expect(hasClarification).toBe(true);
       |                                ^
    184|     });
    185|   });

ΓÄ»ΓÄ»ΓÄ»ΓÄ»ΓÄ»ΓÄ»ΓÄ»ΓÄ»ΓÄ»ΓÄ»ΓÄ»ΓÄ»ΓÄ»ΓÄ»ΓÄ»ΓÄ»ΓÄ»ΓÄ»ΓÄ»ΓÄ»ΓÄ»ΓÄ»ΓÄ»[1/30]ΓÄ»

 FAIL  tests/mic-input.test.js > mic-input > start() > requests microphone permission via getUserMedia
TypeError: Cannot set property navigator of #<Object> which has only a getter
 Γ¥» setupBrowserMocks tests/mic-input.test.js:51:24
     49|   const mockAudioCtx = createMockAudioContext();
     50|
     51|   globalThis.navigator = {
       |                        ^
     52|     mediaDevices: {
     53|       getUserMedia: shouldReject
 Γ¥» tests/mic-input.test.js:89:30

ΓÄ»ΓÄ»ΓÄ»ΓÄ»ΓÄ»ΓÄ»ΓÄ»ΓÄ»ΓÄ»ΓÄ»ΓÄ»ΓÄ»ΓÄ»ΓÄ»ΓÄ»ΓÄ»ΓÄ»ΓÄ»ΓÄ»ΓÄ»ΓÄ»ΓÄ»ΓÄ»[2/30]ΓÄ»

 FAIL  tests/mic-input.test.js > mic-input > start() > creates a MediaStreamAudioSourceNode from the mic stream
AssertionError: expected "vi.fn()" to be called with arguments: [ Array(1) ]

Number of calls: 0

 Γ¥» tests/mic-input.test.js:112:52
    110|       await start();
    111|
    112|       expect(mockAudioCtx.createMediaStreamSource).toHaveBeenCalledWitΓÇª
       |                                                    ^
    113|     });
    114|

ΓÄ»ΓÄ»ΓÄ»ΓÄ»ΓÄ»ΓÄ»ΓÄ»ΓÄ»ΓÄ»ΓÄ»ΓÄ»ΓÄ»ΓÄ»ΓÄ»ΓÄ»ΓÄ»ΓÄ»ΓÄ»ΓÄ»ΓÄ»ΓÄ»ΓÄ»ΓÄ»[3/30]ΓÄ»

 FAIL  tests/mic-input.test.js > mic-input > start() > fires onStreamReady callback after successful start
AssertionError: expected "vi.fn()" to be called with arguments: [ Array(1) ]

Number of calls: 0

 Γ¥» tests/mic-input.test.js:123:24
    121|       await start();
    122|
    123|       expect(callback).toHaveBeenCalledWith(mockStream);
       |                        ^
    124|     });
    125|

ΓÄ»ΓÄ»ΓÄ»ΓÄ»ΓÄ»ΓÄ»ΓÄ»ΓÄ»ΓÄ»ΓÄ»ΓÄ»ΓÄ»ΓÄ»ΓÄ»ΓÄ»ΓÄ»ΓÄ»ΓÄ»ΓÄ»ΓÄ»ΓÄ»ΓÄ»ΓÄ»[4/30]ΓÄ»

 FAIL  tests/mic-input.test.js > mic-input > start() > resumes AudioContext if it is in suspended state
AssertionError: expected "vi.fn()" to be called at least once
 Γ¥» tests/mic-input.test.js:133:35
    131|       await start();
    132|
    133|       expect(mockAudioCtx.resume).toHaveBeenCalled();
       |                                   ^
    134|     });
    135|   });

ΓÄ»ΓÄ»ΓÄ»ΓÄ»ΓÄ»ΓÄ»ΓÄ»ΓÄ»ΓÄ»ΓÄ»ΓÄ»ΓÄ»ΓÄ»ΓÄ»ΓÄ»ΓÄ»ΓÄ»ΓÄ»ΓÄ»ΓÄ»ΓÄ»ΓÄ»ΓÄ»[5/30]ΓÄ»

 FAIL  tests/mic-input.test.js > mic-input > stop() > releases all media stream tracks
AssertionError: expected "vi.fn()" to be called at least once
 Γ¥» tests/mic-input.test.js:148:28
    146|       const tracks = mockStream.getTracks();
    147|       tracks.forEach(track => {
    148|         expect(track.stop).toHaveBeenCalled();
       |                            ^
    149|       });
    150|     });
 Γ¥» tests/mic-input.test.js:147:14

ΓÄ»ΓÄ»ΓÄ»ΓÄ»ΓÄ»ΓÄ»ΓÄ»ΓÄ»ΓÄ»ΓÄ»ΓÄ»ΓÄ»ΓÄ»ΓÄ»ΓÄ»ΓÄ»ΓÄ»ΓÄ»ΓÄ»ΓÄ»ΓÄ»ΓÄ»ΓÄ»[6/30]ΓÄ»

 FAIL  tests/mic-input.test.js > mic-input > stop() > closes or disconnects the AudioContext source node
AssertionError: expected "vi.fn()" to be called at least once
 Γ¥» tests/mic-input.test.js:160:37
    158|       stop();
    159|
    160|       expect(sourceNode.disconnect).toHaveBeenCalled();
       |                                     ^
    161|       expect(mockAudioCtx.close).toHaveBeenCalled();
    162|     });

ΓÄ»ΓÄ»ΓÄ»ΓÄ»ΓÄ»ΓÄ»ΓÄ»ΓÄ»ΓÄ»ΓÄ»ΓÄ»ΓÄ»ΓÄ»ΓÄ»ΓÄ»ΓÄ»ΓÄ»ΓÄ»ΓÄ»ΓÄ»ΓÄ»ΓÄ»ΓÄ»[7/30]ΓÄ»

 FAIL  tests/mic-input.test.js > mic-input > getSourceNode() > returns a MediaStreamAudioSourceNode after start()
AssertionError: expected null to be { connect: [Function Mock], ΓÇª(2) } // Object.is equality

- Expected:
{
  "connect": [Function Mock],
  "disconnect": [Function Mock],
  "mediaStream": null,
}

+ Received:
null

 Γ¥» tests/mic-input.test.js:202:26
    200|       const sourceNode = getSourceNode();
    201|
    202|       expect(sourceNode).toBe(mockAudioCtx._mockSourceNode);
       |                          ^
    203|       expect(sourceNode.mediaStream).toBe(mockStream);
    204|     });

ΓÄ»ΓÄ»ΓÄ»ΓÄ»ΓÄ»ΓÄ»ΓÄ»ΓÄ»ΓÄ»ΓÄ»ΓÄ»ΓÄ»ΓÄ»ΓÄ»ΓÄ»ΓÄ»ΓÄ»ΓÄ»ΓÄ»ΓÄ»ΓÄ»ΓÄ»ΓÄ»[8/30]ΓÄ»

 FAIL  tests/mic-input.test.js > mic-input > getAudioContext() > returns the AudioContext after start()
AssertionError: expected null to be { ΓÇª(5) } // Object.is equality

- Expected:
{
  "_mockSourceNode": {
    "connect": [Function Mock],
    "disconnect": [Function Mock],
    "mediaStream": null,
  },
  "close": [Function Mock],
  "createMediaStreamSource": [Function Mock],
  "resume": [Function Mock],
  "state": "running",
}

+ Received:
null

 Γ¥» tests/mic-input.test.js:224:19
    222|       const ctx = getAudioContext();
    223|
    224|       expect(ctx).toBe(mockAudioCtx);
       |                   ^
    225|     });
    226|

ΓÄ»ΓÄ»ΓÄ»ΓÄ»ΓÄ»ΓÄ»ΓÄ»ΓÄ»ΓÄ»ΓÄ»ΓÄ»ΓÄ»ΓÄ»ΓÄ»ΓÄ»ΓÄ»ΓÄ»ΓÄ»ΓÄ»ΓÄ»ΓÄ»ΓÄ»ΓÄ»[9/30]ΓÄ»

 FAIL  tests/mic-input.test.js > mic-input > edge cases > calling start() twice does not create duplicate streams
AssertionError: expected 2 to be 1 // Object.is equality

- Expected
+ Received

- 1
+ 2

 Γ¥» tests/mic-input.test.js:336:26
    334|
    335|       // Should not double-call getUserMedia
    336|       expect(callCount2).toBe(callCount1);
       |                          ^
    337|     });
    338|   });

ΓÄ»ΓÄ»ΓÄ»ΓÄ»ΓÄ»ΓÄ»ΓÄ»ΓÄ»ΓÄ»ΓÄ»ΓÄ»ΓÄ»ΓÄ»ΓÄ»ΓÄ»ΓÄ»ΓÄ»ΓÄ»ΓÄ»ΓÄ»ΓÄ»ΓÄ»[10/30]ΓÄ»

 FAIL  tests/speech-to-text.test.js > speech-to-text > start() > begins speech recognition
 FAIL  tests/speech-to-text.test.js > speech-to-text > start() > sets continuous = true for ongoing listening
 FAIL  tests/speech-to-text.test.js > speech-to-text > start() > sets interimResults = true to get partial transcripts
 FAIL  tests/speech-to-text.test.js > speech-to-text > start() > sets language to en-US
 FAIL  tests/speech-to-text.test.js > speech-to-text > onInterimResult > fires callback with interim transcript text during speech
 FAIL  tests/speech-to-text.test.js > speech-to-text > onInterimResult > provides updated text on each interim result event
 FAIL  tests/speech-to-text.test.js > speech-to-text > onFinalResult > fires callback with final transcript when speech pauses
 FAIL  tests/speech-to-text.test.js > speech-to-text > onFinalResult > final result text is trimmed and non-empty
 FAIL  tests/speech-to-text.test.js > speech-to-text > auto-restart > restarts recognition after onend fires (continuous listening)
 FAIL  tests/speech-to-text.test.js > speech-to-text > auto-restart > does not restart after explicit stop() call
 FAIL  tests/speech-to-text.test.js > speech-to-text > error handling > calls onError callback for network errors
 FAIL  tests/speech-to-text.test.js > speech-to-text > error handling > calls onError for not-allowed errors
 FAIL  tests/speech-to-text.test.js > speech-to-text > error handling > does not call onError for no-speech timeout
 FAIL  tests/speech-to-text.test.js > speech-to-text > fallback behavior > provides fallback text input method when API is unavailable
 FAIL  tests/speech-to-text.test.js > speech-to-text > fallback behavior > fallback still fires onFinalResult with provided text
 FAIL  tests/speech-to-text.test.js > speech-to-text > edge cases > handles stop() called before start()
 FAIL  tests/speech-to-text.test.js > speech-to-text > edge cases > handles rapid start/stop/start cycles
 FAIL  tests/speech-to-text.test.js > speech-to-text > edge cases > handles empty transcript results gracefully
ReferenceError: window is not defined
 Γ¥» src/js/speech-to-text.js:40:27
     38|  *   - Firefox: SpeechRecognition (but may not be available)
     39|  */
     40| const SpeechRecognition = window.SpeechRecognition || window.webkitSpeΓÇª
       |                           ^
     41|
     42| // ΓöÇΓöÇ Public API ΓöÇΓöÇΓöÇΓöÇΓöÇΓöÇΓöÇΓöÇΓöÇΓöÇΓöÇΓöÇΓöÇΓöÇΓöÇΓöÇΓöÇΓöÇΓöÇΓöÇΓöÇΓöÇΓöÇΓöÇΓöÇΓöÇΓöÇΓöÇΓöÇΓöÇΓöÇΓöÇΓöÇΓöÇΓöÇΓöÇΓöÇΓöÇΓöÇΓöÇΓöÇΓöÇΓöÇΓöÇΓöÇΓöÇΓöÇΓöÇΓöÇΓöÇΓöÇΓöÇΓöÇ

ΓÄ»ΓÄ»ΓÄ»ΓÄ»ΓÄ»ΓÄ»ΓÄ»ΓÄ»ΓÄ»ΓÄ»ΓÄ»ΓÄ»ΓÄ»ΓÄ»ΓÄ»ΓÄ»ΓÄ»ΓÄ»ΓÄ»ΓÄ»ΓÄ»ΓÄ»[11/30]ΓÄ»

 FAIL  tests/text-to-speech.test.js > text-to-speech > edge cases > handles empty string gracefully
Error: Test timed out in 5000ms.
If this is a long-running test, pass a timeout value as the last argument or configure it globally with "testTimeout".
 Γ¥» tests/text-to-speech.test.js:366:7
    364|   describe('edge cases', () => {
    365|
    366|     it('handles empty string gracefully', async () => {
       |       ^
    367|       vi.useFakeTimers();
    368|       const { speak } = await import('../src/js/text-to-speech.js');

ΓÄ»ΓÄ»ΓÄ»ΓÄ»ΓÄ»ΓÄ»ΓÄ»ΓÄ»ΓÄ»ΓÄ»ΓÄ»ΓÄ»ΓÄ»ΓÄ»ΓÄ»ΓÄ»ΓÄ»ΓÄ»ΓÄ»ΓÄ»ΓÄ»ΓÄ»[12/30]ΓÄ»

 FAIL  tests/text-to-speech.test.js > text-to-speech > edge cases > handles no available voices
Error: Test timed out in 5000ms.
If this is a long-running test, pass a timeout value as the last argument or configure it globally with "testTimeout".
 Γ¥» tests/text-to-speech.test.js:384:7
    382|     });
    383|
    384|     it('handles no available voices', async () => {
       |       ^
    385|       globalThis.speechSynthesis.getVoices = vi.fn(() => []);
    386|


ΓÄ»ΓÄ»ΓÄ»ΓÄ»ΓÄ»ΓÄ»ΓÄ»ΓÄ»ΓÄ»ΓÄ»ΓÄ»ΓÄ»ΓÄ»ΓÄ»ΓÄ»ΓÄ»ΓÄ»ΓÄ»ΓÄ»ΓÄ»ΓÄ»ΓÄ»[13/30]ΓÄ»

[2m Test Files [22m [1m[31m4 failed[39m[22m[2m | [22m[1m[32m2 passed[39m[22m[90m (6)[39m
[2m      Tests [22m [1m[31m30 failed[39m[22m[2m | [22m[1m[32m98 passed[39m[22m[90m (128)[39m
[2m   Start at [22m 16:44:41
[2m   Duration [22m 10.70s[2m (transform 746ms, setup 0ms, import 736ms, tests 11.09s, environment 1ms)[22m

